[zilliqa.com/index.html]
[backblue.gif]
[fade.gif]
[index.html]
[zilliqa.com/css/normalize.css]
[zilliqa.com/css/components.css]
[zilliqa.com/css/zilliqa-website3.css]
[ajax.googleapis.com/ajax/libs/webfont/1.4.7/webfont.js]
[zilliqa.com/images/fav_1fav.png]
[zilliqa.com/images/webclip.png]
[www.google-analytics.com/analytics.js]
[zilliqa.com/index-2.html]
[zilliqa.com/images/zilliqa-logo_1zilliqa-logo.png]
[zilliqa.com/about-us.html]
[zilliqa.com/dapps.html]
[zilliqa.com/resources.html]
[zilliqa.com/careers.html]
[zilliqa.com/contact-us.html]
[zilliqa.com/images/home-graph-base3.svg]
[zilliqa.com/images/home-graph-desktop-v4.svg]
[zilliqa.com/images/home-graph-mobile-v5.svg]
[zilliqa.com/images/link-arrow_1link-arrow.png]
[zilliqa.com/images/business-icon1.svg]
[zilliqa.com/images/business-icon2.svg]
[zilliqa.com/images/business-icon3.svg]
[zilliqa.com/images/partners-set1-1.png]
[zilliqa.com/images/partners-set1-2.png]
[zilliqa.com/images/partners-set1-3.png]
[zilliqa.com/images/partners-set4-1.png]
[zilliqa.com/images/partners-set1-4.png]
[zilliqa.com/images/partners-set2-1.png]
[zilliqa.com/images/partners-set1-5.png]
[zilliqa.com/images/partners-set2-2.png]
[zilliqa.com/images/partners-set2-3.png]
[zilliqa.com/images/partners-set2-4.png]
[zilliqa.com/images/partners-set2-5.png]
[zilliqa.com/images/partners-set3-1.png]
[zilliqa.com/images/partners-set3-2.png]
[zilliqa.com/images/partners-set3-3.png]
[zilliqa.com/images/partners-set3-4.png]
[zilliqa.com/images/partners-set3-5.png]
[zilliqa.com/images/in-the-news-card-logo2.png]
[zilliqa.com/images/link-arrow-light-blue_1link-arrow-light-blue.png]
[zilliqa.com/images/in-the-news-card-logo4.png]
[zilliqa.com/images/in-the-news-card-logo1.png]
[zilliqa.com/images/slider-arrow-left-white_1slider-arrow-left-white.png]
[zilliqa.com/images/slider-arrow-right-white_1slider-arrow-right-white.png]
[zilliqa.com/images/footer-twitter.svg]
[zilliqa.com/images/footer-slack.svg]
[zilliqa.com/images/footer-telegram.svg]
[zilliqa.com/images/footer-github.svg]
[zilliqa.com/images/footer-gitter.svg]
[zilliqa.com/images/footer-subscribe.svg]
[zilliqa.com/cdn-cgi/l/email-protection.html]
[zilliqa.com/images/footer-mail.svg]
[zilliqa.com/images/popup-close.svg]
[zilliqa.com/images/entertainment-img.svg]
[zilliqa.com/images/advertising-img.svg]
[zilliqa.com/cdn-cgi/scripts/5c5dd728/cloudflare-static/email-decode.min.js]
[code.jquery.com/jquery-3.3.1.min.js]
[zilliqa.com/images/payments-img.svg]
[zilliqa.com/js/zilliqa-website3.js]
[zilliqa.com/index.html]
[zilliqa.com/css/normalize.css]
[zilliqa.com/css/components.css]
[ajax.cloudflare.com/cdn-cgi/scripts/2448a7bd/cloudflare-static/rocket-loader.min.js]
[zilliqa.com/images/home-header-curve.svg]
[zilliqa.com/images/home-hero-desktop-bg2.png]
[zilliqa.com/images/home-hero-desktop-bg1.png]
[zilliqa.com/images/dapps-bg-pattern.svg]
[zilliqa.com/images/business-bg1.svg]
[zilliqa.com/images/business-bg2.svg]
[zilliqa.com/images/business-bg3.svg]
[zilliqa.com/images/partners-slider-arrow-left_1partners-slider-arrow-left.png]
[zilliqa.com/images/partners-slider-arrow-right_1partners-slider-arrow-right.png]
[zilliqa.com/images/about-header-bg1.png]
[zilliqa.com/images/team-bg-slice.svg]
[zilliqa.com/images/careers-desktop-bg2.svg]
[zilliqa.com/images/careers-desktop-bg.svg]
[zilliqa.com/images/contact-bg-pattern-v2.svg]
[zilliqa.com/images/resources-desktop-bg2.svg]
[zilliqa.com/images/dapps-desktop-bg1.svg]
[zilliqa.com/images/resources-desktop-bg1.svg]
[zilliqa.com/css/zilliqa-website3.css]
[zilliqa.com/index-2.html]
[zilliqa.com/images/about-bg-mobile-v2.svg]
[zilliqa.com/images/zilliqa-slides-updated-pdf-0.jpg]
[zilliqa.com/images/zilliqa-slides-updated-pdf-1.jpg]
[zilliqa.com/images/zilliqa-slides-updated-pdf-2.jpg]
[zilliqa.com/images/zilliqa-slides-updated-pdf-3.jpg]
[zilliqa.com/images/zilliqa-slides-updated-pdf-4.jpg]
[zilliqa.com/images/zilliqa-slides-updated-pdf-5.jpg]
[zilliqa.com/images/zilliqa-slides-updated-pdf-6.jpg]
[zilliqa.com/images/zilliqa-slides-updated-pdf-7.jpg]
[zilliqa.com/images/zilliqa-slides-updated-pdf-8.jpg]
[zilliqa.com/images/zilliqa-slides-updated-pdf-9.jpg]
[zilliqa.com/images/zilliqa-slides-updated-pdf-10.jpg]
[zilliqa.com/images/zilliqa-slides-updated-pdf-11.jpg]
[zilliqa.com/images/zilliqa-slides-updated-pdf-12.jpg]
[zilliqa.com/images/zilliqa-slides-updated-pdf-13.jpg]
[zilliqa.com/images/zilliqa-slides-updated-pdf-14.jpg]
[zilliqa.com/images/zilliqa-slides-updated-pdf-15.jpg]
[zilliqa.com/images/zilliqa-slides-updated-pdf-16.jpg]
[zilliqa.com/images/zilliqa-slides-updated-pdf-17.jpg]
[zilliqa.com/images/zilliqa-slides-updated-pdf-18.jpg]
[zilliqa.com/images/zilliqa-slides-updated-pdf-19.jpg]
[zilliqa.com/images/zilliqa-slides-updated-pdf-20.jpg]
[zilliqa.com/images/zilliqa-slides-updated-pdf-21.jpg]
[zilliqa.com/images/zilliqa-slides-updated-pdf-22.jpg]
[zilliqa.com/images/zilliqa-slides-updated-pdf-23.jpg]
[zilliqa.com/images/zilliqa-slides-updated-pdf-24.jpg]
[zilliqa.com/images/zilliqa-slides-updated-pdf-25.jpg]
[zilliqa.com/images/zilliqa-slides-updated-pdf-26.jpg]
[zilliqa.com/images/zilliqa-slides-updated-pdf-27.jpg]
[zilliqa.com/images/zilliqa-slides-updated-pdf-28.jpg]
[zilliqa.com/images/zilliqa-slides-updated-pdf-29.jpg]
[zilliqa.com/images/zilliqa-slides-updated-pdf-30.jpg]
[zilliqa.com/images/zilliqa-slides-updated-pdf-31.jpg]
[zilliqa.com/images/zilliqa-slides-updated-pdf-32.jpg]
[zilliqa.com/images/zilliqa-slides-updated-pdf-33.jpg]
[zilliqa.com/images/zilliqa-slides-updated-pdf-34.jpg]
[zilliqa.com/images/zilliqa-slides-updated-pdf-35.jpg]
[zilliqa.com/images/zilliqa-slides-updated-pdf-36.jpg]
[zilliqa.com/images/zilliqa-slides-updated-pdf-37.jpg]
[zilliqa.com/images/zilliqa-slides-updated-pdf-38.jpg]
[zilliqa.com/images/zilliqa-slides-updated-pdf-39.jpg]
[zilliqa.com/images/zilliqa-slides-updated-pdf-40.jpg]
[zilliqa.com/images/zilliqa-slides-updated-pdf-41.jpg]
[zilliqa.com/images/zilliqa-slides-updated-pdf-42.jpg]
[zilliqa.com/images/zilliqa-slides-updated-pdf-43.jpg]
[zilliqa.com/images/zilliqa-slides-updated-pdf-44.jpg]
[zilliqa.com/images/zilliqa-slides-updated-pdf-45.jpg]
[zilliqa.com/images/zilliqa-slides-updated-pdf-46.jpg]
[zilliqa.com/images/link-arrow-yellow_1link-arrow-yellow.png]
[zilliqa.com/images/about-timeline-desktop-v5.svg]
[zilliqa.com/images/about-timeline-mobile-v5.svg]
[zilliqa.com/images/9b_9.png]
[zilliqa.com/images/team-linkedin_1team-linkedin.png]
[zilliqa.com/images/team-twitter_1team-twitter.png]
[zilliqa.com/images/team-web_1team-web.png]
[zilliqa.com/images/2b_9.png]
[zilliqa.com/images/8b_10.png]
[zilliqa.com/images/6b_11.png]
[zilliqa.com/images/enhui2_1_orig.png]
[zilliqa.com/images/5b_10.png]
[zilliqa.com/images/7b_9.png]
[zilliqa.com/images/saiba2_3_orig.png]
[zilliqa.com/images/12b_1.png]
[zilliqa.com/images/haichuan_1_orig.png]
[zilliqa.com/images/4b_10.png]
[zilliqa.com/images/sahai_1.png]
[zilliqa.com/images/3b_9.png]
[zilliqa.com/images/sheng.png]
[zilliqa.com/images/clark_orig.png]
[zilliqa.com/images/team-jacob-200px.png]
[zilliqa.com/images/vy200px.png]
[zilliqa.com/images/edison-lim.png]
[zilliqa.com/images/kaustubh.png]
[zilliqa.com/images/jasmine_orig.png]
[zilliqa.com/images/evan_2_orig.png]
[zilliqa.com/images/aquinas-black-and-white_6.png]
[zilliqa.com/images/alex.png]
[zilliqa.com/images/1b_9.png]
[zilliqa.com/images/nicolai_1_orig.png]
[zilliqa.com/images/stuart_1_orig.png]
[zilliqa.com/images/10b_10.png]
[zilliqa.com/images/ilya_2_orig.png]
[zilliqa.com/images/shuoji-bio_1.png]
[zilliqa.com/about-us.html]
[zilliqa.com/images/dapps-brand-1.png]
[zilliqa.com/images/link-arrow-black_1link-arrow-black.png]
[zilliqa.com/images/dapps-brand-5.png]
[zilliqa.com/images/dapps-brand-8.png]
[zilliqa.com/images/dapps-brand-9.png]
[zilliqa.com/images/dapps-brand-2.png]
[zilliqa.com/images/dapps-brand-7.png]
[zilliqa.com/images/dapps-brand-4.png]
[zilliqa.com/dapps.html]
[zilliqa.com/resources.html]
[zilliqa.com/images/careers-illustration.svg]
[zilliqa.com/careers/blockchain-software-engineer-c.html]
[zilliqa.com/careers/compiler-engineer.html]
[zilliqa.com/careers/full-stack-developer.html]
[zilliqa.com/careers/blockchain-application-engineer.html]
[zilliqa.com/careers.html]
[zilliqa.com/contact-us.html]
[zilliqa.com/images/home-graph-base3.svg]
[zilliqa.com/images/home-graph-desktop-v4.svg]
[zilliqa.com/images/home-graph-mobile-v5.svg]
[zilliqa.com/images/business-icon1.svg]
[zilliqa.com/images/business-icon2.svg]
[zilliqa.com/images/business-icon3.svg]
[zilliqa.com/images/footer-twitter.svg]
[zilliqa.com/images/footer-slack.svg]
[zilliqa.com/images/footer-telegram.svg]
[zilliqa.com/images/footer-github.svg]
[zilliqa.com/images/footer-gitter.svg]
[zilliqa.com/images/footer-subscribe.svg]
[zilliqa.com/cdn-cgi/l/email-protection.html]
[zilliqa.com/images/footer-mail.svg]
[zilliqa.com/images/popup-close.svg]
[zilliqa.com/images/entertainment-img.svg]
[zilliqa.com/images/advertising-img.svg]
[zilliqa.com/images/payments-img.svg]
[zilliqa.com/images/home-header-curve.svg]
[zilliqa.com/images/dapps-bg-pattern.svg]
[zilliqa.com/images/business-bg1.svg]
[zilliqa.com/images/business-bg2.svg]
[zilliqa.com/images/business-bg3.svg]
[zilliqa.com/images/team-bg-slice.svg]
[zilliqa.com/images/careers-desktop-bg2.svg]
[zilliqa.com/images/careers-desktop-bg.svg]
[zilliqa.com/images/contact-bg-pattern-v2.svg]
[zilliqa.com/images/resources-desktop-bg2.svg]
[zilliqa.com/images/dapps-desktop-bg1.svg]
[zilliqa.com/images/resources-desktop-bg1.svg]
[zilliqa.com/images/about-bg-mobile-v2.svg]
[zilliqa.com/images/about-timeline-desktop-v5.svg]
[zilliqa.com/images/about-timeline-mobile-v5.svg]
[zilliqa.com/images/careers-illustration.svg]
[zilliqa.com/careers/blockchain-software-engineer-c.html]
[zilliqa.com/careers/compiler-engineer.html]
[zilliqa.com/careers/full-stack-developer.html]
[zilliqa.com/careers/blockchain-application-engineer.html]
[zilliqa.com/careers/blockchain-researcher.html]
[zilliqa.com/careers/blockchain-researcher.html]
